src/db-analyzer.ts(196,26): error TS2741: Property 'machine_key' is missing in type '{ id: string; name: string; type: string; location: string; status: true; configCount: number; configs: never[]; }' but required in type 'MachineInfo'.
src/orchestrator.ts(266,22): error TS2741: Property 'machine_key' is missing in type '{ id: string; name: string; type: string; location: string; status: true; configCount: number; configs: never[]; }' but required in type 'MachineInfo'.
src/orchestrator.ts(281,78): error TS18047: 'dbSummary' is possibly 'null'.
src/orchestrator.ts(285,36): error TS2345: Argument of type 'DbSummary | null' is not assignable to parameter of type 'DbSummary'.
  Type 'null' is not assignable to type 'DbSummary'.
src/orchestrator.ts(299,103): error TS2345: Argument of type 'DbSummary | null' is not assignable to parameter of type 'DbSummary | undefined'.
  Type 'null' is not assignable to type 'DbSummary | undefined'.
src/orchestrator.ts(305,31): error TS18047: 'dbSummary' is possibly 'null'.
src/orchestrator.ts(307,12): error TS18047: 'dbSummary' is possibly 'null'.
src/orchestrator.ts(309,12): error TS18047: 'dbSummary' is possibly 'null'.
src/orchestrator.ts(313,65): error TS2345: Argument of type 'DbSummary | null' is not assignable to parameter of type 'DbSummary | undefined'.
  Type 'null' is not assignable to type 'DbSummary | undefined'.
src/orchestrator.ts(381,42): error TS2345: Argument of type '{ testId: string; sessionId: string; generatedBy: "llm-db-aware"; createdAt: Date; service: string; scenario: string; description: string; expectedStatus: "PASS" | "FAIL"; expectedSortCode?: string | undefined; ... 6 more ...; weight?: number | undefined; }[]' is not assignable to parameter of type 'Omit<GeneratedTestCase, "_id">[]'.
  Type '{ testId: string; sessionId: string; generatedBy: "llm-db-aware"; createdAt: Date; service: string; scenario: string; description: string; expectedStatus: "PASS" | "FAIL"; expectedSortCode?: string; ... 6 more ...; weight?: number; }' is not assignable to type 'Omit<GeneratedTestCase, "_id">'.
    Types of property 'generatedBy' are incompatible.
      Type '"llm-db-aware"' is not assignable to type '"llm" | "heuristic"'.
src/orchestrator.ts(708,54): error TS18048: 'dbSummary.machines.length' is possibly 'undefined'.
src/orchestrator.ts(710,13): error TS18048: 'dbSummary' is possibly 'undefined'.
src/orchestrator.ts(712,14): error TS18048: 'dbSummary' is possibly 'undefined'.
src/orchestrator.ts(713,14): error TS18048: 'dbSummary' is possibly 'undefined'.
src/test-runner.ts(103,9): error TS2353: Object literal may only specify known properties, and 'passed' does not exist in type 'Omit<TestResult, "_id">'.
src/test-runner.ts(165,14): error TS2339: Property 'isDuplicate' does not exist on type 'TestCase'.
src/test-runner.ts(167,79): error TS2339: Property 'protocol' does not exist on type 'TestCase'.
src/test-runner.ts(170,100): error TS2339: Property 'protocol' does not exist on type 'TestCase'.
src/test-runner.ts(196,14): error TS2339: Property 'expectedSortCode' does not exist on type 'TestCase'.
src/test-runner.ts(200,11): error TS18047: 'simulation' is possibly 'null'.
src/test-runner.ts(201,11): error TS18047: 'simulation' is possibly 'null'.
src/test-runner.ts(202,11): error TS18047: 'simulation' is possibly 'null'.
src/test-runner.ts(205,47): error TS18047: 'simulation' is possibly 'null'.
src/test-runner.ts(205,75): error TS18047: 'simulation' is possibly 'null'.
src/test-runner.ts(205,103): error TS18047: 'simulation' is possibly 'null'.
src/test-runner.ts(207,49): error TS2339: Property 'expectedSortCode' does not exist on type 'TestCase'.
src/test-runner.ts(220,11): error TS2353: Object literal may only specify known properties, and 'reason' does not exist in type 'TestResult'.
src/test-runner.ts(221,34): error TS2339: Property 'expectedSortCode' does not exist on type 'TestCase'.
src/test-runner.ts(222,30): error TS2339: Property 'expectedSortCode' does not exist on type 'TestCase'.
src/test-runner.ts(321,21): error TS2339: Property 'scenario' does not exist on type 'TestResult'.
